> # _______________________________________________________________
> ## run-analysis 
> ## August 19, 2020
> ## description: this sources scripts that produce all tables and figures in the manuscript and online appendix
> # _______________________________________________________________
> 
> # _______________________________________________________________
> ## citation ----
> # _______________________________________________________________
> 
> # @article{christensen:2020co,
> # Author = {Christensen, Darin and Dube, Oeindrila and Haushofer, Johannes and Siddiqi, Bilal and Voors, Maarten},
> #   Title = {Community-Based Crisis Response: Evidence from Sierra Leone's Ebola Outbreak},
> # Journal = {AEA Papers and Proceedings},
> # Volume = {110},
> # Year = {2020},
> # Month = {May},
> # Pages = {260--264}
> # }
>  
> # _______________________________________________________________
> ## data note ----
> # _______________________________________________________________
> 
> # data is subset by the following conditions
> # week <= ymd("2015-05-01") & mult_ccc == 0, 
> # where mult_ccc is an indicator for whether a section contains multiple CCCs
> 
> # _______________________________________________________________
> ## figures and tables ----
> # _______________________________________________________________
> 
> # cleaning workspace:
> rm(list = ls())
> 
> # _______________________________________________________________ 
> # to exactly replicate the standard errors, use lfe version 2.8-2
> # un-comment the line below to install the legacy version, then restart R
> # devtools::install_version("lfe", version = "2.8-2", repos = "http://cran.us.r-project.org")
> 
> # if you use the leading version of lfe (currently 2.8-5) there are small changes to the standard errors
> # these do not change any conclusions in the paper
> 
> # _______________________________________________________________
> # figure 1: trends in total cases by ccc presence
> # figure a2: trends in confirmed cases by ccc presence
> source("code/1-did-plots.R")
There were 16 warnings (use warnings() to see them)
> 
> # _______________________________________________________________
> # table 1: effect of cccs on confirmed and total cases
> # table b1: effects of cccs on confirmed and total cases: alternative specifications
> source("code/2-did-analysis.R")
New names:
* NA -> ...1
* NA -> ...2
* NA -> ...3
* NA -> ...4
> 
> # _______________________________________________________________
> # table b2: placebo tests for ccc analysis
> source("code/3-placebo-analysis.R")

% Table created by stargazer v.5.2.2 by Marek Hlavac, Harvard University. E-mail: hlavac at fas.harvard.edu
% Date and time: Fri, Dec 11, 2020 - 3:40:15 AM
\begin{table}[!htbp] \centering 
  \caption{Placebo Tests for CCC Analysis} 
  \label{tab:did-ccc-placebo} 
\begin{tabular}{@{\extracolsep{0pt}}lccccccccc} 
\\[-1.8ex]\hline 
\hline \\[-1.8ex] 
 & \multicolumn{9}{c}{\textit{Dependent variable:}} \\ 
\cline{2-10} 
\\[-1.8ex] & \multicolumn{9}{c}{Log(Total Cases + 1)} \\ 
 & Aug-17 & Aug-24 & Aug-31 & Sep-07 & Sep-14 & Sep-21 & Sep-28 & Oct-05 & Oct-15 \\ 
\\[-1.8ex] & (1) & (2) & (3) & (4) & (5) & (6) & (7) & (8) & (9)\\ 
\hline \\[-1.8ex] 
 CCC x Placebo Start Date & 0.007 & $-$0.006 & 0.048 & 0.031 & 0.038 & 0.060 & 0.060 & 0.048 & 0.237 \\ 
  & (0.029) & (0.022) & (0.026)$^{*}$ & (0.029) & (0.033) & (0.041) & (0.050) & (0.050) & (0.057)$^{***}$ \\ 
  & & & & & & & & & \\ 
\hline \\[-1.8ex] 
Section FEs & 1316 & 1316 & 1316 & 1316 & 1316 & 1316 & 1316 & 1316 & 1316 \\ 
Week FEs & 10 & 10 & 10 & 10 & 10 & 10 & 10 & 10 & 30 \\ 
Observations & 13,160 & 13,160 & 13,160 & 13,160 & 13,160 & 13,160 & 13,160 & 13,160 & 39,480 \\ 
\hline 
\hline \\[-1.8ex] 
\textit{Note:}  & \multicolumn{9}{r}{$^{*}$p$<$0.1; $^{**}$p$<$0.05; $^{***}$p$<$0.01} \\ 
\end{tabular} 
\end{table} 
> 
> # _______________________________________________________________
> # figure a1: map of reported cases and community care centers
> source("code/4-maps.R")
Saving 7 x 7 in image
Saving 7 x 7 in image
> 
> # _______________________________________________________________
> ## session info ----
> # _______________________________________________________________
> 
> sessionInfo()
R version 4.0.2 (2020-06-22)
Platform: x86_64-w64-mingw32/x64 (64-bit)
Running under: Windows 10 x64 (build 19042)

Matrix products: default

locale:
[1] LC_COLLATE=English_United States.1252  LC_CTYPE=English_United States.1252   
[3] LC_MONETARY=English_United States.1252 LC_NUMERIC=C                          
[5] LC_TIME=English_United States.1252    

attached base packages:
[1] grid      stats     graphics  grDevices utils     datasets  methods   base     

other attached packages:
 [1] stargazer_5.2.2   gt_0.2.2          broom_0.7.2       gridExtra_2.3    
 [5] scales_1.1.1      lfe_2.8-2         Matrix_1.2-18     haven_2.3.1      
 [9] lubridate_1.7.9.2 sf_0.9-6          forcats_0.5.0     stringr_1.4.0    
[13] dplyr_1.0.2       purrr_0.3.4       readr_1.4.0       tidyr_1.1.2      
[17] tibble_3.0.4      ggplot2_3.3.2     tidyverse_1.3.0   data.table_1.13.4

loaded via a namespace (and not attached):
 [1] Rcpp_1.0.5         lattice_0.20-41    class_7.3-17       zoo_1.8-8         
 [5] assertthat_0.2.1   digest_0.6.27      R6_2.5.0           cellranger_1.1.0  
 [9] backports_1.2.0    reprex_0.3.0       evaluate_0.14      e1071_1.7-4       
[13] httr_1.4.2         pillar_1.4.6       rlang_0.4.8        readxl_1.3.1      
[17] rstudioapi_0.13    checkmate_2.0.0    rmarkdown_2.5      labeling_0.4.2    
[21] munsell_0.5.0      xfun_0.19          compiler_4.0.2     modelr_0.1.8      
[25] pkgconfig_2.0.3    htmltools_0.5.0    tidyselect_1.1.0   fansi_0.4.1       
[29] crayon_1.3.4       dbplyr_2.0.0       withr_2.3.0        jsonlite_1.7.1    
[33] xtable_1.8-4       gtable_0.3.0       lifecycle_0.2.0    DBI_1.1.0         
[37] magrittr_2.0.1     units_0.6-7        KernSmooth_2.23-17 cli_2.1.0         
[41] stringi_1.5.3      farver_2.0.3       fs_1.5.0           xml2_1.3.2        
[45] ellipsis_0.3.1     generics_0.1.0     vctrs_0.3.5        sandwich_3.0-0    
[49] Formula_1.2-4      tools_4.0.2        glue_1.4.2         hms_0.5.3         
[53] colorspace_2.0-0   classInt_0.4-3     rvest_0.3.6        knitr_1.30        
> # R version 3.6.3 (2020-02-29)
> # Platform: x86_64-pc-linux-gnu (64-bit)
> # Running under: Ubuntu 18.04.5 LTS
> # 
> # Matrix products: default
> # BLAS:   /usr/lib/x86_64-linux-gnu/blas/libblas.so.3.7.1
> # LAPACK: /usr/lib/x86_64-linux-gnu/lapack/liblapack.so.3.7.1
> # 
> # locale:
> #   [1] LC_CTYPE=en_US.UTF-8       LC_NUMERIC=C               LC_TIME=en_US.UTF-8       
> # [4] LC_COLLATE=en_US.UTF-8     LC_MONETARY=en_US.UTF-8    LC_MESSAGES=en_US.UTF-8   
> # [7] LC_PAPER=en_US.UTF-8       LC_NAME=C                  LC_ADDRESS=C              
> # [10] LC_TELEPHONE=C             LC_MEASUREMENT=en_US.UTF-8 LC_IDENTIFICATION=C       
> # 
> # attached base packages:
> #   [1] grid      stats     graphics  grDevices utils     datasets  methods   base     
> # 
> # other attached packages:
> #   [1] stargazer_5.2.2   gt_0.1.0          broom_0.5.5       gridExtra_2.3     scales_1.1.0     
> # [6] lfe_2.8-2         Matrix_1.2-18     haven_2.2.0       lubridate_1.7.8   sf_0.9-2         
> # [11] forcats_0.5.0     stringr_1.4.0     dplyr_0.8.5       purrr_0.3.4       readr_1.3.1      
> # [16] tidyr_1.0.2       tibble_3.0.1      ggplot2_3.3.0     tidyverse_1.3.0   data.table_1.12.8
> # 
> # loaded via a namespace (and not attached):
> #   [1] Rcpp_1.0.4.6       lattice_0.20-41    class_7.3-17       zoo_1.8-7          assertthat_0.2.1  
> # [6] digest_0.6.25      R6_2.4.1           cellranger_1.1.0   backports_1.1.5    reprex_0.3.0      
> # [11] evaluate_0.14      e1071_1.7-3        httr_1.4.1         pillar_1.4.4       rlang_0.4.6       
> # [16] readxl_1.3.1       rstudioapi_0.11    checkmate_2.0.0    rmarkdown_2.1      labeling_0.3      
> # [21] munsell_0.5.0      xfun_0.12          compiler_3.6.3     modelr_0.1.6       pkgconfig_2.0.3   
> # [26] htmltools_0.4.0    tidyselect_1.0.0   fansi_0.4.1        crayon_1.3.4       dbplyr_1.4.2      
> # [31] withr_2.1.2        nlme_3.1-147       jsonlite_1.6.1     xtable_1.8-4       gtable_0.3.0      
> # [36] lifecycle_0.2.0    DBI_1.1.0          magrittr_1.5       units_0.6-6        KernSmooth_2.23-17
> # [41] cli_2.0.2          stringi_1.4.6      farver_2.0.3       fs_1.3.2           xml2_1.3.2        
> # [46] ellipsis_0.3.1     generics_0.0.2     vctrs_0.3.0        sandwich_2.5-1     Formula_1.2-3     
> # [51] tools_3.6.3        glue_1.4.1         hms_0.5.3          parallel_3.6.3     colorspace_1.4-1  
> # [56] classInt_0.4-3     rvest_0.3.5        knitr_1.28         sass_0.1.2.1     
> warnings()
Warning messages:
1: package ‘data.table’ was built under R version 4.0.3
2: package ‘tidyverse’ was built under R version 4.0.3
3: package ‘tibble’ was built under R version 4.0.3
4: package ‘tidyr’ was built under R version 4.0.3
5: package ‘readr’ was built under R version 4.0.3
6: package ‘purrr’ was built under R version 4.0.3
7: package ‘dplyr’ was built under R version 4.0.3
8: package ‘forcats’ was built under R version 4.0.3
9: package ‘sf’ was built under R version 4.0.3
10: package ‘lubridate’ was built under R version 4.0.3
11: package ‘haven’ was built under R version 4.0.3
12: package ‘scales’ was built under R version 4.0.3
13: package ‘gridExtra’ was built under R version 4.0.3
14: package ‘broom’ was built under R version 4.0.3
15: package ‘gt’ was built under R version 4.0.3
16: package ‘stargazer’ was built under R version 4.0.3
>